
@ simplecpu.ticks.cpu0 The amount of time spent in various states

@ simplecpu.ticks.cpu1 The amount of time spent in various states

@ simplecpu.ticks.cpu2 The amount of time spent in various states

@ simplecpu.ticks.cpu3 The amount of time spent in various states

@ simplecpu.ticks.cpu4 The amount of time spent in various states

@ simplecpu.ticks.cpu5 The amount of time spent in various states

@ simplecpu.ticks.cpu6 The amount of time spent in various states

@ simplecpu.ticks.cpu7 The amount of time spent in various states

@ simplecpu.ticks.total The amount of time spent in various states

@ 0.0 

@ 0.1 

@ 0.2 

@ 0.3 

@ 0.4 

@ 0.5 

@ 0.6 

@ 0.7 

@ 0.8 

